2026-06-02 11:36:10.968 | INFO     | main:lifespan:20 - Starting SentimentAI API...
2026-06-02 11:36:10.999 | INFO     | app.services.model_service:load_model:30 - Loading sentiment model (RoBERTa)...
2026-06-02 11:38:37.162 | INFO     | app.services.model_service:load_model:40 - Loading emotion model (DistilRoBERTa)...
2026-06-02 19:47:24.891 | INFO     | main:lifespan:20 - Starting SentimentAI API...
2026-06-02 19:47:24.915 | INFO     | app.services.model_service:load_model:30 - Loading sentiment model (RoBERTa)...
2026-06-02 19:47:29.166 | INFO     | app.services.model_service:load_model:40 - Loading emotion model (DistilRoBERTa)...
2026-06-02 19:55:14.798 | INFO     | main:lifespan:20 - Starting SentimentAI API...
2026-06-02 19:55:14.807 | INFO     | app.services.model_service:load_model:30 - Loading sentiment model (RoBERTa)...
2026-06-02 19:55:18.863 | INFO     | app.services.model_service:load_model:40 - Loading emotion model (DistilRoBERTa)...
2026-06-02 19:58:16.765 | INFO     | main:lifespan:20 - Starting SentimentAI API...
2026-06-02 19:58:16.772 | INFO     | app.services.model_service:load_model:30 - Loading sentiment model (RoBERTa)...
2026-06-02 19:58:20.872 | INFO     | app.services.model_service:load_model:40 - Loading emotion model (DistilRoBERTa)...
2026-06-02 20:03:07.988 | INFO     | app.services.model_service:load_model:50 - All models loaded successfully!
2026-06-02 20:03:07.989 | INFO     | main:lifespan:24 - Model loaded and ready!
2026-06-02 20:16:31.578 | INFO     | main:lifespan:26 - Shutting down...
2026-06-02 20:17:21.528 | INFO     | main:lifespan:20 - Starting SentimentAI API...
2026-06-02 20:17:21.535 | INFO     | app.services.model_service:load_model:30 - Loading sentiment model (RoBERTa)...
2026-06-02 20:17:24.597 | INFO     | app.services.model_service:load_model:40 - Loading emotion model (DistilRoBERTa)...
2026-06-02 20:17:26.449 | INFO     | app.services.model_service:load_model:50 - All models loaded successfully!
2026-06-02 20:17:26.449 | INFO     | main:lifespan:24 - Model loaded and ready!
2026-06-02 20:25:24.409 | INFO     | main:lifespan:20 - Starting SentimentAI API...
2026-06-02 20:25:24.444 | INFO     | app.services.model_service:load_model:30 - Loading sentiment model (RoBERTa)...
2026-06-02 20:25:27.950 | INFO     | app.services.model_service:load_model:40 - Loading emotion model (DistilRoBERTa)...
2026-06-02 20:25:30.125 | INFO     | app.services.model_service:load_model:50 - All models loaded successfully!
2026-06-02 20:25:30.127 | INFO     | main:lifespan:24 - Model loaded and ready!
2026-06-02 22:21:37.886 | INFO     | main:lifespan:20 - Starting SentimentAI API...
2026-06-02 22:21:38.000 | INFO     | app.services.model_service:load_model:30 - Loading sentiment model (RoBERTa)...
2026-06-02 22:21:45.116 | INFO     | app.services.model_service:load_model:40 - Loading emotion model (DistilRoBERTa)...
2026-06-02 22:21:47.605 | INFO     | app.services.model_service:load_model:50 - All models loaded successfully!
2026-06-02 22:21:47.610 | INFO     | main:lifespan:24 - Model loaded and ready!
2026-06-02 22:23:50.122 | ERROR    | app.api.routes:analyze_text:49 - Analysis error: string indices must be integers, not 'str'
2026-06-02 22:24:20.350 | ERROR    | app.api.routes:analyze_text:49 - Analysis error: string indices must be integers, not 'str'
2026-06-02 22:24:28.049 | ERROR    | app.api.routes:analyze_text:49 - Analysis error: string indices must be integers, not 'str'
2026-06-03 09:51:09.702 | INFO     | main:lifespan:20 - Starting SentimentAI API...
2026-06-03 09:51:09.733 | INFO     | app.services.model_service:load_model:30 - Loading sentiment model (RoBERTa)...
2026-06-03 09:51:13.034 | INFO     | app.services.model_service:load_model:40 - Loading emotion model (DistilRoBERTa)...
2026-06-03 09:51:14.752 | INFO     | app.services.model_service:load_model:50 - All models loaded successfully!
2026-06-03 09:51:14.753 | INFO     | main:lifespan:24 - Model loaded and ready!
2026-06-03 09:51:17.165 | ERROR    | app.api.routes:analyze_text:49 - Analysis error: string indices must be integers, not 'str'
2026-06-03 09:55:50.279 | INFO     | main:lifespan:26 - Shutting down...
2026-06-03 09:56:09.327 | INFO     | main:lifespan:20 - Starting SentimentAI API...
2026-06-03 09:56:09.334 | INFO     | app.services.model_service:load_model:30 - Loading sentiment model (RoBERTa)...
2026-06-03 09:56:12.131 | INFO     | app.services.model_service:load_model:40 - Loading emotion model (DistilRoBERTa)...
2026-06-03 09:56:13.832 | INFO     | app.services.model_service:load_model:50 - All models loaded successfully!
2026-06-03 09:56:13.834 | INFO     | main:lifespan:24 - Model loaded and ready!
2026-06-03 10:23:10.526 | INFO     | main:lifespan:26 - Shutting down...
2026-06-03 10:25:07.076 | INFO     | main:lifespan:20 - Starting SentimentAI API...
2026-06-03 10:25:07.089 | INFO     | app.services.model_service:load_model:30 - Loading sentiment model (RoBERTa)...
2026-06-03 10:25:10.425 | INFO     | app.services.model_service:load_model:40 - Loading emotion model (DistilRoBERTa)...
2026-06-03 10:25:12.035 | INFO     | app.services.model_service:load_model:50 - All models loaded successfully!
2026-06-03 10:25:12.036 | INFO     | main:lifespan:24 - Model loaded and ready!
2026-06-03 10:25:12.152 | INFO     | main:lifespan:26 - Shutting down...
2026-06-03 10:25:36.635 | INFO     | main:lifespan:20 - Starting SentimentAI API...
2026-06-03 10:25:36.643 | INFO     | app.services.model_service:load_model:30 - Loading sentiment model (RoBERTa)...
2026-06-03 10:25:39.048 | INFO     | app.services.model_service:load_model:40 - Loading emotion model (DistilRoBERTa)...
2026-06-03 10:25:40.462 | INFO     | app.services.model_service:load_model:50 - All models loaded successfully!
2026-06-03 10:25:40.462 | INFO     | main:lifespan:24 - Model loaded and ready!
2026-06-03 10:37:33.062 | INFO     | main:lifespan:20 - Starting SentimentAI API...
2026-06-03 10:37:33.079 | INFO     | app.services.model_service:load_model:30 - Loading sentiment model (RoBERTa)...
2026-06-03 10:37:35.371 | INFO     | app.services.model_service:load_model:40 - Loading emotion model (DistilRoBERTa)...
2026-06-03 10:37:36.807 | INFO     | app.services.model_service:load_model:50 - All models loaded successfully!
2026-06-03 10:37:36.808 | INFO     | main:lifespan:24 - Model loaded and ready!
2026-06-03 17:24:50.629 | INFO     | main:lifespan:20 - Starting SentimentAI API...
2026-06-03 17:24:50.651 | INFO     | app.services.model_service:load_model:30 - Loading sentiment model (RoBERTa)...
2026-06-03 17:24:53.699 | INFO     | app.services.model_service:load_model:40 - Loading emotion model (DistilRoBERTa)...
2026-06-03 17:24:55.332 | INFO     | app.services.model_service:load_model:50 - All models loaded successfully!
2026-06-03 17:24:55.333 | INFO     | main:lifespan:24 - Model loaded and ready!
2026-06-03 17:33:24.565 | INFO     | main:lifespan:26 - Shutting down...
2026-06-03 17:35:34.811 | INFO     | main:lifespan:20 - Starting SentimentAI API...
2026-06-03 17:35:34.824 | INFO     | app.services.model_service:load_model:39 - Loading sentiment model (RoBERTa)...
2026-06-03 17:35:37.972 | INFO     | app.services.model_service:load_model:49 - Loading emotion model (DistilRoBERTa)...
2026-06-03 17:35:39.651 | INFO     | app.services.model_service:load_model:59 - All models loaded successfully!
2026-06-03 17:35:39.652 | INFO     | main:lifespan:24 - Model loaded and ready!
2026-06-03 17:35:39.762 | INFO     | main:lifespan:26 - Shutting down...
2026-06-03 17:36:03.212 | INFO     | main:lifespan:20 - Starting SentimentAI API...
2026-06-03 17:36:03.220 | INFO     | app.services.model_service:load_model:39 - Loading sentiment model (RoBERTa)...
2026-06-03 17:36:07.016 | INFO     | app.services.model_service:load_model:49 - Loading emotion model (DistilRoBERTa)...
2026-06-03 17:36:08.683 | INFO     | app.services.model_service:load_model:59 - All models loaded successfully!
2026-06-03 17:36:08.685 | INFO     | main:lifespan:24 - Model loaded and ready!
2026-06-03 17:36:11.810 | INFO     | main:lifespan:26 - Shutting down...
2026-06-03 17:37:00.317 | INFO     | main:lifespan:20 - Starting SentimentAI API...
2026-06-03 17:37:00.330 | INFO     | app.services.model_service:load_model:39 - Loading sentiment model (RoBERTa)...
2026-06-03 17:37:02.595 | INFO     | app.services.model_service:load_model:49 - Loading emotion model (DistilRoBERTa)...
2026-06-03 17:37:04.254 | INFO     | app.services.model_service:load_model:59 - All models loaded successfully!
2026-06-03 17:37:04.255 | INFO     | main:lifespan:24 - Model loaded and ready!
2026-06-03 17:45:55.522 | INFO     | main:lifespan:26 - Shutting down...
2026-06-03 17:46:44.510 | INFO     | main:lifespan:20 - Starting SentimentAI API...
2026-06-03 17:46:44.521 | INFO     | app.services.model_service:load_model:39 - Loading sentiment model (RoBERTa)...
2026-06-03 17:46:46.908 | INFO     | app.services.model_service:load_model:49 - Loading emotion model (DistilRoBERTa)...
2026-06-03 17:46:48.638 | INFO     | app.services.model_service:load_model:59 - All models loaded successfully!
2026-06-03 17:46:48.639 | INFO     | main:lifespan:24 - Model loaded and ready!
2026-06-04 10:50:27.398 | INFO     | main:lifespan:20 - Starting SentimentAI API...
2026-06-04 10:50:27.418 | INFO     | app.services.model_service:load_model:39 - Loading sentiment model (RoBERTa)...
2026-06-04 10:50:30.122 | INFO     | app.services.model_service:load_model:49 - Loading emotion model (DistilRoBERTa)...
2026-06-04 10:50:31.551 | INFO     | app.services.model_service:load_model:59 - All models loaded successfully!
2026-06-04 10:50:31.552 | INFO     | main:lifespan:24 - Model loaded and ready!
